16:11:26 **** Incremental Build of configuration Debug for project JPEG_Main_App ****
make pre-build main-build 
a9-linaro-pre-build-step
' '
make: Nothing to be done for `main-build'.
16:11:44 **** Incremental Build of configuration Debug for project JPEG_Main_App ****
make pre-build main-build 
a9-linaro-pre-build-step
' '
make: Nothing to be done for `main-build'.
16:14:48 **** Auto Build of configuration Debug for project JPEG_Main_App ****
make pre-build main-build 
a9-linaro-pre-build-step
' '
'Building file: ../src/main.cc'
'Invoking: ARM v7 g++ compiler'
arm-none-eabi-g++ -Wall -O0 -g3 -c -fmessage-length=0 -MT"src/main.o" -mcpu=cortex-a9 -mfpu=vfpv3 -mfloat-abi=hard -I../../standalone_bsp_2/ps7_cortexa9_0/include -MMD -MP -MF"src/main.d" -MT"src/main.o" -o "src/main.o" "../src/main.cc"
'Finished building: ../src/main.cc'
' '
'Building target: JPEG_Main_App.elf'
'Invoking: ARM v7 g++ linker'
arm-none-eabi-g++ -mcpu=cortex-a9 -mfpu=vfpv3 -mfloat-abi=hard -Wl,-build-id=none -specs=Xilinx.spec -Wl,-T -Wl,../src/lscript.ld -L../../standalone_bsp_2/ps7_cortexa9_0/lib -o "JPEG_Main_App.elf"  ./src/AxiTimerHelper.o ./src/main.o   -Wl,--start-group,-lxil,-lgcc,-lc,-lstdc++,--end-group -Wl,--start-group,-lxilffs,-lxil,-lgcc,-lc,--end-group
'Finished building target: JPEG_Main_App.elf'
' '
'Invoking: ARM v7 Print Size'
arm-none-eabi-size JPEG_Main_App.elf  |tee "JPEG_Main_App.elf.size"
   text	   data	    bss	    dec	    hex	filename
 168072	 264780	1088716	1521568	 1737a0	JPEG_Main_App.elf
'Finished building: JPEG_Main_App.elf.size'
' '
16:15:02 **** Auto Build of configuration Debug for project JPEG_Main_App ****
make pre-build main-build 
a9-linaro-pre-build-step
' '
'Building file: ../src/main.cc'
'Invoking: ARM v7 g++ compiler'
arm-none-eabi-g++ -Wall -O0 -g3 -c -fmessage-length=0 -MT"src/main.o" -mcpu=cortex-a9 -mfpu=vfpv3 -mfloat-abi=hard -I../../standalone_bsp_2/ps7_cortexa9_0/include -MMD -MP -MF"src/main.d" -MT"src/main.o" -o "src/main.o" "../src/main.cc"
'Finished building: ../src/main.cc'
' '
'Building target: JPEG_Main_App.elf'
'Invoking: ARM v7 g++ linker'
arm-none-eabi-g++ -mcpu=cortex-a9 -mfpu=vfpv3 -mfloat-abi=hard -Wl,-build-id=none -specs=Xilinx.spec -Wl,-T -Wl,../src/lscript.ld -L../../standalone_bsp_2/ps7_cortexa9_0/lib -o "JPEG_Main_App.elf"  ./src/AxiTimerHelper.o ./src/main.o   -Wl,--start-group,-lxil,-lgcc,-lc,-lstdc++,--end-group -Wl,--start-group,-lxilffs,-lxil,-lgcc,-lc,--end-group
'Finished building target: JPEG_Main_App.elf'
' '
'Invoking: ARM v7 Print Size'
arm-none-eabi-size JPEG_Main_App.elf  |tee "JPEG_Main_App.elf.size"
   text	   data	    bss	    dec	    hex	filename
 168072	 264780	1088716	1521568	 1737a0	JPEG_Main_App.elf
'Finished building: JPEG_Main_App.elf.size'
' '
16:16:17 **** Auto Build of configuration Debug for project JPEG_Main_App ****
make pre-build main-build 
a9-linaro-pre-build-step
' '
'Building file: ../src/main.cc'
'Invoking: ARM v7 g++ compiler'
arm-none-eabi-g++ -Wall -O0 -g3 -c -fmessage-length=0 -MT"src/main.o" -mcpu=cortex-a9 -mfpu=vfpv3 -mfloat-abi=hard -I../../standalone_bsp_2/ps7_cortexa9_0/include -MMD -MP -MF"src/main.d" -MT"src/main.o" -o "src/main.o" "../src/main.cc"
'Finished building: ../src/main.cc'
' '
'Building target: JPEG_Main_App.elf'
'Invoking: ARM v7 g++ linker'
arm-none-eabi-g++ -mcpu=cortex-a9 -mfpu=vfpv3 -mfloat-abi=hard -Wl,-build-id=none -specs=Xilinx.spec -Wl,-T -Wl,../src/lscript.ld -L../../standalone_bsp_2/ps7_cortexa9_0/lib -o "JPEG_Main_App.elf"  ./src/AxiTimerHelper.o ./src/main.o   -Wl,--start-group,-lxil,-lgcc,-lc,-lstdc++,--end-group -Wl,--start-group,-lxilffs,-lxil,-lgcc,-lc,--end-group
'Finished building target: JPEG_Main_App.elf'
' '
'Invoking: ARM v7 Print Size'
arm-none-eabi-size JPEG_Main_App.elf  |tee "JPEG_Main_App.elf.size"
   text	   data	    bss	    dec	    hex	filename
 168072	 264780	1088716	1521568	 1737a0	JPEG_Main_App.elf
'Finished building: JPEG_Main_App.elf.size'
' '
16:19:38 **** Incremental Build of configuration Debug for project JPEG_Main_App ****
make pre-build main-build 
a9-linaro-pre-build-step
' '
make: Nothing to be done for `main-build'.
16:22:54 **** Incremental Build of configuration Debug for project JPEG_Main_App ****
make pre-build main-build 
a9-linaro-pre-build-step
' '
make: Nothing to be done for `main-build'.
16:25:17 **** Incremental Build of configuration Debug for project JPEG_Main_App ****
make pre-build main-build 
a9-linaro-pre-build-step
' '
make: Nothing to be done for `main-build'.
17:00:10 **** Auto Build of configuration Debug for project JPEG_Main_App ****
make pre-build main-build 
a9-linaro-pre-build-step
' '
'Building file: ../src/main.cc'
'Invoking: ARM v7 g++ compiler'
arm-none-eabi-g++ -Wall -O0 -g3 -c -fmessage-length=0 -MT"src/main.o" -mcpu=cortex-a9 -mfpu=vfpv3 -mfloat-abi=hard -I../../standalone_bsp_2/ps7_cortexa9_0/include -MMD -MP -MF"src/main.d" -MT"src/main.o" -o "src/main.o" "../src/main.cc"
'Finished building: ../src/main.cc'
' '
'Building target: JPEG_Main_App.elf'
'Invoking: ARM v7 g++ linker'
arm-none-eabi-g++ -mcpu=cortex-a9 -mfpu=vfpv3 -mfloat-abi=hard -Wl,-build-id=none -specs=Xilinx.spec -Wl,-T -Wl,../src/lscript.ld -L../../standalone_bsp_2/ps7_cortexa9_0/lib -o "JPEG_Main_App.elf"  ./src/AxiTimerHelper.o ./src/main.o   -Wl,--start-group,-lxil,-lgcc,-lc,-lstdc++,--end-group -Wl,--start-group,-lxilffs,-lxil,-lgcc,-lc,--end-group
'Finished building target: JPEG_Main_App.elf'
' '
'Invoking: ARM v7 Print Size'
arm-none-eabi-size JPEG_Main_App.elf  |tee "JPEG_Main_App.elf.size"
   text	   data	    bss	    dec	    hex	filename
 168072	 264780	1088716	1521568	 1737a0	JPEG_Main_App.elf
'Finished building: JPEG_Main_App.elf.size'
' '
17:00:59 **** Auto Build of configuration Debug for project JPEG_Main_App ****
make pre-build main-build 
a9-linaro-pre-build-step
' '
'Building file: ../src/main.cc'
'Invoking: ARM v7 g++ compiler'
arm-none-eabi-g++ -Wall -O0 -g3 -c -fmessage-length=0 -MT"src/main.o" -mcpu=cortex-a9 -mfpu=vfpv3 -mfloat-abi=hard -I../../standalone_bsp_2/ps7_cortexa9_0/include -MMD -MP -MF"src/main.d" -MT"src/main.o" -o "src/main.o" "../src/main.cc"
'Finished building: ../src/main.cc'
' '
'Building target: JPEG_Main_App.elf'
'Invoking: ARM v7 g++ linker'
arm-none-eabi-g++ -mcpu=cortex-a9 -mfpu=vfpv3 -mfloat-abi=hard -Wl,-build-id=none -specs=Xilinx.spec -Wl,-T -Wl,../src/lscript.ld -L../../standalone_bsp_2/ps7_cortexa9_0/lib -o "JPEG_Main_App.elf"  ./src/AxiTimerHelper.o ./src/main.o   -Wl,--start-group,-lxil,-lgcc,-lc,-lstdc++,--end-group -Wl,--start-group,-lxilffs,-lxil,-lgcc,-lc,--end-group
'Finished building target: JPEG_Main_App.elf'
' '
'Invoking: ARM v7 Print Size'
arm-none-eabi-size JPEG_Main_App.elf  |tee "JPEG_Main_App.elf.size"
   text	   data	    bss	    dec	    hex	filename
 168072	 264780	1088716	1521568	 1737a0	JPEG_Main_App.elf
'Finished building: JPEG_Main_App.elf.size'
' '
17:01:34 **** Incremental Build of configuration Debug for project JPEG_Main_App ****
make pre-build main-build 
a9-linaro-pre-build-step
' '
make: Nothing to be done for `main-build'.
17:27:36 **** Auto Build of configuration Debug for project JPEG_Main_App ****
make pre-build main-build 
a9-linaro-pre-build-step
' '
'Building file: ../src/main.cc'
'Invoking: ARM v7 g++ compiler'
arm-none-eabi-g++ -Wall -O0 -g3 -c -fmessage-length=0 -MT"src/main.o" -mcpu=cortex-a9 -mfpu=vfpv3 -mfloat-abi=hard -I../../standalone_bsp_2/ps7_cortexa9_0/include -MMD -MP -MF"src/main.d" -MT"src/main.o" -o "src/main.o" "../src/main.cc"
'Finished building: ../src/main.cc'
' '
'Building target: JPEG_Main_App.elf'
'Invoking: ARM v7 g++ linker'
arm-none-eabi-g++ -mcpu=cortex-a9 -mfpu=vfpv3 -mfloat-abi=hard -Wl,-build-id=none -specs=Xilinx.spec -Wl,-T -Wl,../src/lscript.ld -L../../standalone_bsp_2/ps7_cortexa9_0/lib -o "JPEG_Main_App.elf"  ./src/AxiTimerHelper.o ./src/main.o   -Wl,--start-group,-lxil,-lgcc,-lc,-lstdc++,--end-group -Wl,--start-group,-lxilffs,-lxil,-lgcc,-lc,--end-group
'Finished building target: JPEG_Main_App.elf'
' '
'Invoking: ARM v7 Print Size'
arm-none-eabi-size JPEG_Main_App.elf  |tee "JPEG_Main_App.elf.size"
   text	   data	    bss	    dec	    hex	filename
 168072	 264780	1088716	1521568	 1737a0	JPEG_Main_App.elf
'Finished building: JPEG_Main_App.elf.size'
' '
17:27:59 **** Auto Build of configuration Debug for project JPEG_Main_App ****
make pre-build main-build 
a9-linaro-pre-build-step
' '
'Building file: ../src/main.cc'
'Invoking: ARM v7 g++ compiler'
arm-none-eabi-g++ -Wall -O0 -g3 -c -fmessage-length=0 -MT"src/main.o" -mcpu=cortex-a9 -mfpu=vfpv3 -mfloat-abi=hard -I../../standalone_bsp_2/ps7_cortexa9_0/include -MMD -MP -MF"src/main.d" -MT"src/main.o" -o "src/main.o" "../src/main.cc"
'Finished building: ../src/main.cc'
' '
'Building target: JPEG_Main_App.elf'
'Invoking: ARM v7 g++ linker'
arm-none-eabi-g++ -mcpu=cortex-a9 -mfpu=vfpv3 -mfloat-abi=hard -Wl,-build-id=none -specs=Xilinx.spec -Wl,-T -Wl,../src/lscript.ld -L../../standalone_bsp_2/ps7_cortexa9_0/lib -o "JPEG_Main_App.elf"  ./src/AxiTimerHelper.o ./src/main.o   -Wl,--start-group,-lxil,-lgcc,-lc,-lstdc++,--end-group -Wl,--start-group,-lxilffs,-lxil,-lgcc,-lc,--end-group
'Finished building target: JPEG_Main_App.elf'
' '
'Invoking: ARM v7 Print Size'
arm-none-eabi-size JPEG_Main_App.elf  |tee "JPEG_Main_App.elf.size"
   text	   data	    bss	    dec	    hex	filename
 167920	 264780	1088716	1521416	 173708	JPEG_Main_App.elf
'Finished building: JPEG_Main_App.elf.size'
' '
17:28:32 **** Auto Build of configuration Debug for project JPEG_Main_App ****
make pre-build main-build 
a9-linaro-pre-build-step
' '
'Building file: ../src/main.cc'
'Invoking: ARM v7 g++ compiler'
arm-none-eabi-g++ -Wall -O0 -g3 -c -fmessage-length=0 -MT"src/main.o" -mcpu=cortex-a9 -mfpu=vfpv3 -mfloat-abi=hard -I../../standalone_bsp_2/ps7_cortexa9_0/include -MMD -MP -MF"src/main.d" -MT"src/main.o" -o "src/main.o" "../src/main.cc"
'Finished building: ../src/main.cc'
' '
'Building target: JPEG_Main_App.elf'
'Invoking: ARM v7 g++ linker'
arm-none-eabi-g++ -mcpu=cortex-a9 -mfpu=vfpv3 -mfloat-abi=hard -Wl,-build-id=none -specs=Xilinx.spec -Wl,-T -Wl,../src/lscript.ld -L../../standalone_bsp_2/ps7_cortexa9_0/lib -o "JPEG_Main_App.elf"  ./src/AxiTimerHelper.o ./src/main.o   -Wl,--start-group,-lxil,-lgcc,-lc,-lstdc++,--end-group -Wl,--start-group,-lxilffs,-lxil,-lgcc,-lc,--end-group
'Finished building target: JPEG_Main_App.elf'
' '
'Invoking: ARM v7 Print Size'
arm-none-eabi-size JPEG_Main_App.elf  |tee "JPEG_Main_App.elf.size"
   text	   data	    bss	    dec	    hex	filename
 168172	 264780	1088724	1521676	 17380c	JPEG_Main_App.elf
'Finished building: JPEG_Main_App.elf.size'
' '
17:29:19 **** Incremental Build of configuration Debug for project JPEG_Main_App ****
make pre-build main-build 
a9-linaro-pre-build-step
' '
make: Nothing to be done for `main-build'.
17:46:17 **** Auto Build of configuration Debug for project JPEG_Main_App ****
make pre-build main-build 
a9-linaro-pre-build-step
' '
'Building file: ../src/main.cc'
'Invoking: ARM v7 g++ compiler'
arm-none-eabi-g++ -Wall -O0 -g3 -c -fmessage-length=0 -MT"src/main.o" -mcpu=cortex-a9 -mfpu=vfpv3 -mfloat-abi=hard -I../../standalone_bsp_2/ps7_cortexa9_0/include -MMD -MP -MF"src/main.d" -MT"src/main.o" -o "src/main.o" "../src/main.cc"
'Finished building: ../src/main.cc'
' '
'Building target: JPEG_Main_App.elf'
'Invoking: ARM v7 g++ linker'
arm-none-eabi-g++ -mcpu=cortex-a9 -mfpu=vfpv3 -mfloat-abi=hard -Wl,-build-id=none -specs=Xilinx.spec -Wl,-T -Wl,../src/lscript.ld -L../../standalone_bsp_2/ps7_cortexa9_0/lib -o "JPEG_Main_App.elf"  ./src/AxiTimerHelper.o ./src/main.o   -Wl,--start-group,-lxil,-lgcc,-lc,-lstdc++,--end-group -Wl,--start-group,-lxilffs,-lxil,-lgcc,-lc,--end-group
'Finished building target: JPEG_Main_App.elf'
' '
'Invoking: ARM v7 Print Size'
arm-none-eabi-size JPEG_Main_App.elf  |tee "JPEG_Main_App.elf.size"
   text	   data	    bss	    dec	    hex	filename
 168108	 264780	1088724	1521612	 1737cc	JPEG_Main_App.elf
'Finished building: JPEG_Main_App.elf.size'
' '
17:47:09 **** Incremental Build of configuration Debug for project JPEG_Main_App ****
make pre-build main-build 
a9-linaro-pre-build-step
' '
make: Nothing to be done for `main-build'.
18:07:01 **** Auto Build of configuration Debug for project JPEG_Main_App ****
make pre-build main-build 
a9-linaro-pre-build-step
' '
'Building file: ../src/main.cc'
'Invoking: ARM v7 g++ compiler'
arm-none-eabi-g++ -Wall -O0 -g3 -c -fmessage-length=0 -MT"src/main.o" -mcpu=cortex-a9 -mfpu=vfpv3 -mfloat-abi=hard -I../../standalone_bsp_2/ps7_cortexa9_0/include -MMD -MP -MF"src/main.d" -MT"src/main.o" -o "src/main.o" "../src/main.cc"
'Finished building: ../src/main.cc'
' '
'Building target: JPEG_Main_App.elf'
'Invoking: ARM v7 g++ linker'
arm-none-eabi-g++ -mcpu=cortex-a9 -mfpu=vfpv3 -mfloat-abi=hard -Wl,-build-id=none -specs=Xilinx.spec -Wl,-T -Wl,../src/lscript.ld -L../../standalone_bsp_2/ps7_cortexa9_0/lib -o "JPEG_Main_App.elf"  ./src/AxiTimerHelper.o ./src/main.o   -Wl,--start-group,-lxil,-lgcc,-lc,-lstdc++,--end-group -Wl,--start-group,-lxilffs,-lxil,-lgcc,-lc,--end-group
'Finished building target: JPEG_Main_App.elf'
' '
'Invoking: ARM v7 Print Size'
arm-none-eabi-size JPEG_Main_App.elf  |tee "JPEG_Main_App.elf.size"
   text	   data	    bss	    dec	    hex	filename
 168108	 264780	1088724	1521612	 1737cc	JPEG_Main_App.elf
'Finished building: JPEG_Main_App.elf.size'
' '
18:16:09 **** Incremental Build of configuration Debug for project JPEG_Main_App ****
make pre-build main-build 
a9-linaro-pre-build-step
' '
make: Nothing to be done for `main-build'.
18:52:39 **** Incremental Build of configuration Debug for project JPEG_Main_App ****
make pre-build main-build 
a9-linaro-pre-build-step
' '
make: Nothing to be done for `main-build'.
18:56:01 **** Auto Build of configuration Debug for project JPEG_Main_App ****
make pre-build main-build 
a9-linaro-pre-build-step
' '
'Building file: ../src/main.cc'
'Invoking: ARM v7 g++ compiler'
arm-none-eabi-g++ -Wall -O0 -g3 -c -fmessage-length=0 -MT"src/main.o" -mcpu=cortex-a9 -mfpu=vfpv3 -mfloat-abi=hard -I../../standalone_bsp_2/ps7_cortexa9_0/include -MMD -MP -MF"src/main.d" -MT"src/main.o" -o "src/main.o" "../src/main.cc"
'Finished building: ../src/main.cc'
' '
'Building target: JPEG_Main_App.elf'
'Invoking: ARM v7 g++ linker'
arm-none-eabi-g++ -mcpu=cortex-a9 -mfpu=vfpv3 -mfloat-abi=hard -Wl,-build-id=none -specs=Xilinx.spec -Wl,-T -Wl,../src/lscript.ld -L../../standalone_bsp_2/ps7_cortexa9_0/lib -o "JPEG_Main_App.elf"  ./src/AxiTimerHelper.o ./src/main.o   -Wl,--start-group,-lxil,-lgcc,-lc,-lstdc++,--end-group -Wl,--start-group,-lxilffs,-lxil,-lgcc,-lc,--end-group
'Finished building target: JPEG_Main_App.elf'
' '
'Invoking: ARM v7 Print Size'
arm-none-eabi-size JPEG_Main_App.elf  |tee "JPEG_Main_App.elf.size"
   text	   data	    bss	    dec	    hex	filename
 168108	 264780	1621204	2054092	 1f57cc	JPEG_Main_App.elf
'Finished building: JPEG_Main_App.elf.size'
' '
18:56:42 **** Auto Build of configuration Debug for project JPEG_Main_App ****
make pre-build main-build 
a9-linaro-pre-build-step
' '
'Building file: ../src/main.cc'
'Invoking: ARM v7 g++ compiler'
arm-none-eabi-g++ -Wall -O0 -g3 -c -fmessage-length=0 -MT"src/main.o" -mcpu=cortex-a9 -mfpu=vfpv3 -mfloat-abi=hard -I../../standalone_bsp_2/ps7_cortexa9_0/include -MMD -MP -MF"src/main.d" -MT"src/main.o" -o "src/main.o" "../src/main.cc"
'Finished building: ../src/main.cc'
' '
'Building target: JPEG_Main_App.elf'
'Invoking: ARM v7 g++ linker'
arm-none-eabi-g++ -mcpu=cortex-a9 -mfpu=vfpv3 -mfloat-abi=hard -Wl,-build-id=none -specs=Xilinx.spec -Wl,-T -Wl,../src/lscript.ld -L../../standalone_bsp_2/ps7_cortexa9_0/lib -o "JPEG_Main_App.elf"  ./src/AxiTimerHelper.o ./src/main.o   -Wl,--start-group,-lxil,-lgcc,-lc,-lstdc++,--end-group -Wl,--start-group,-lxilffs,-lxil,-lgcc,-lc,--end-group
'Finished building target: JPEG_Main_App.elf'
' '
'Invoking: ARM v7 Print Size'
arm-none-eabi-size JPEG_Main_App.elf  |tee "JPEG_Main_App.elf.size"
   text	   data	    bss	    dec	    hex	filename
 168108	 264780	1613012	2045900	 1f37cc	JPEG_Main_App.elf
'Finished building: JPEG_Main_App.elf.size'
' '
18:59:02 **** Auto Build of configuration Debug for project JPEG_Main_App ****
make pre-build main-build 
a9-linaro-pre-build-step
' '
'Building file: ../src/main.cc'
'Invoking: ARM v7 g++ compiler'
arm-none-eabi-g++ -Wall -O0 -g3 -c -fmessage-length=0 -MT"src/main.o" -mcpu=cortex-a9 -mfpu=vfpv3 -mfloat-abi=hard -I../../standalone_bsp_2/ps7_cortexa9_0/include -MMD -MP -MF"src/main.d" -MT"src/main.o" -o "src/main.o" "../src/main.cc"
../src/main.cc: In function 'int trigger_rle(int*, int, int)':
../src/main.cc:150:85: warning: 'mem_pointer' is used uninitialized in this function [-Wuninitialized]
  int mem_pointer = mem_pointer + rle_max_length_buffer[column_index + (row_index*64)];
                                                                                     ^
'Finished building: ../src/main.cc'
' '
'Building target: JPEG_Main_App.elf'
'Invoking: ARM v7 g++ linker'
arm-none-eabi-g++ -mcpu=cortex-a9 -mfpu=vfpv3 -mfloat-abi=hard -Wl,-build-id=none -specs=Xilinx.spec -Wl,-T -Wl,../src/lscript.ld -L../../standalone_bsp_2/ps7_cortexa9_0/lib -o "JPEG_Main_App.elf"  ./src/AxiTimerHelper.o ./src/main.o   -Wl,--start-group,-lxil,-lgcc,-lc,-lstdc++,--end-group -Wl,--start-group,-lxilffs,-lxil,-lgcc,-lc,--end-group
'Finished building target: JPEG_Main_App.elf'
' '
'Invoking: ARM v7 Print Size'
arm-none-eabi-size JPEG_Main_App.elf  |tee "JPEG_Main_App.elf.size"
   text	   data	    bss	    dec	    hex	filename
 168172	 264780	1613012	2045964	 1f380c	JPEG_Main_App.elf
'Finished building: JPEG_Main_App.elf.size'
' '
19:05:31 **** Auto Build of configuration Debug for project JPEG_Main_App ****
make pre-build main-build 
a9-linaro-pre-build-step
' '
'Building file: ../src/main.cc'
'Invoking: ARM v7 g++ compiler'
arm-none-eabi-g++ -Wall -O0 -g3 -c -fmessage-length=0 -MT"src/main.o" -mcpu=cortex-a9 -mfpu=vfpv3 -mfloat-abi=hard -I../../standalone_bsp_2/ps7_cortexa9_0/include -MMD -MP -MF"src/main.d" -MT"src/main.o" -o "src/main.o" "../src/main.cc"
'Finished building: ../src/main.cc'
' '
'Building target: JPEG_Main_App.elf'
'Invoking: ARM v7 g++ linker'
arm-none-eabi-g++ -mcpu=cortex-a9 -mfpu=vfpv3 -mfloat-abi=hard -Wl,-build-id=none -specs=Xilinx.spec -Wl,-T -Wl,../src/lscript.ld -L../../standalone_bsp_2/ps7_cortexa9_0/lib -o "JPEG_Main_App.elf"  ./src/AxiTimerHelper.o ./src/main.o   -Wl,--start-group,-lxil,-lgcc,-lc,-lstdc++,--end-group -Wl,--start-group,-lxilffs,-lxil,-lgcc,-lc,--end-group
'Finished building target: JPEG_Main_App.elf'
' '
'Invoking: ARM v7 Print Size'
arm-none-eabi-size JPEG_Main_App.elf  |tee "JPEG_Main_App.elf.size"
   text	   data	    bss	    dec	    hex	filename
 168020	 264780	2137300	2570100	 273774	JPEG_Main_App.elf
'Finished building: JPEG_Main_App.elf.size'
' '
19:13:48 **** Auto Build of configuration Debug for project JPEG_Main_App ****
make pre-build main-build 
a9-linaro-pre-build-step
' '
'Building file: ../src/main.cc'
'Invoking: ARM v7 g++ compiler'
arm-none-eabi-g++ -Wall -O0 -g3 -c -fmessage-length=0 -MT"src/main.o" -mcpu=cortex-a9 -mfpu=vfpv3 -mfloat-abi=hard -I../../standalone_bsp_2/ps7_cortexa9_0/include -MMD -MP -MF"src/main.d" -MT"src/main.o" -o "src/main.o" "../src/main.cc"
'Finished building: ../src/main.cc'
' '
'Building target: JPEG_Main_App.elf'
'Invoking: ARM v7 g++ linker'
arm-none-eabi-g++ -mcpu=cortex-a9 -mfpu=vfpv3 -mfloat-abi=hard -Wl,-build-id=none -specs=Xilinx.spec -Wl,-T -Wl,../src/lscript.ld -L../../standalone_bsp_2/ps7_cortexa9_0/lib -o "JPEG_Main_App.elf"  ./src/AxiTimerHelper.o ./src/main.o   -Wl,--start-group,-lxil,-lgcc,-lc,-lstdc++,--end-group -Wl,--start-group,-lxilffs,-lxil,-lgcc,-lc,--end-group
'Finished building target: JPEG_Main_App.elf'
' '
'Invoking: ARM v7 Print Size'
arm-none-eabi-size JPEG_Main_App.elf  |tee "JPEG_Main_App.elf.size"
   text	   data	    bss	    dec	    hex	filename
 168212	 264780	2137300	2570292	 273834	JPEG_Main_App.elf
'Finished building: JPEG_Main_App.elf.size'
' '
19:19:27 **** Auto Build of configuration Debug for project JPEG_Main_App ****
make pre-build main-build 
a9-linaro-pre-build-step
' '
'Building file: ../src/main.cc'
'Invoking: ARM v7 g++ compiler'
arm-none-eabi-g++ -Wall -O0 -g3 -c -fmessage-length=0 -MT"src/main.o" -mcpu=cortex-a9 -mfpu=vfpv3 -mfloat-abi=hard -I../../standalone_bsp_2/ps7_cortexa9_0/include -MMD -MP -MF"src/main.d" -MT"src/main.o" -o "src/main.o" "../src/main.cc"
'Finished building: ../src/main.cc'
' '
'Building target: JPEG_Main_App.elf'
'Invoking: ARM v7 g++ linker'
arm-none-eabi-g++ -mcpu=cortex-a9 -mfpu=vfpv3 -mfloat-abi=hard -Wl,-build-id=none -specs=Xilinx.spec -Wl,-T -Wl,../src/lscript.ld -L../../standalone_bsp_2/ps7_cortexa9_0/lib -o "JPEG_Main_App.elf"  ./src/AxiTimerHelper.o ./src/main.o   -Wl,--start-group,-lxil,-lgcc,-lc,-lstdc++,--end-group -Wl,--start-group,-lxilffs,-lxil,-lgcc,-lc,--end-group
'Finished building target: JPEG_Main_App.elf'
' '
'Invoking: ARM v7 Print Size'
arm-none-eabi-size JPEG_Main_App.elf  |tee "JPEG_Main_App.elf.size"
   text	   data	    bss	    dec	    hex	filename
 168308	 264780	2137300	2570388	 273894	JPEG_Main_App.elf
'Finished building: JPEG_Main_App.elf.size'
' '
19:21:41 **** Auto Build of configuration Debug for project JPEG_Main_App ****
make pre-build main-build 
a9-linaro-pre-build-step
' '
'Building file: ../src/main.cc'
'Invoking: ARM v7 g++ compiler'
arm-none-eabi-g++ -Wall -O0 -g3 -c -fmessage-length=0 -MT"src/main.o" -mcpu=cortex-a9 -mfpu=vfpv3 -mfloat-abi=hard -I../../standalone_bsp_2/ps7_cortexa9_0/include -MMD -MP -MF"src/main.d" -MT"src/main.o" -o "src/main.o" "../src/main.cc"
../src/main.cc: In function 'int main()':
../src/main.cc:323:37: error: 'column_index' was not declared in this scope
      printf("RLE_Value[%d]: 0x%x\n",column_index + (row_index*128) + j, huffman_data_buffer_input[column_index + (row_index*128) + j]);
                                     ^
../src/main.cc:323:53: error: 'row_index' was not declared in this scope
      printf("RLE_Value[%d]: 0x%x\n",column_index + (row_index*128) + j, huffman_data_buffer_input[column_index + (row_index*128) + j]);
                                                     ^
../src/main.cc:323:70: error: name lookup of 'j' changed for ISO 'for' scoping [-fpermissive]
      printf("RLE_Value[%d]: 0x%x\n",column_index + (row_index*128) + j, huffman_data_buffer_input[column_index + (row_index*128) + j]);
                                                                      ^
../src/main.cc:323:70: note: (if you use '-fpermissive' G++ will accept your code)
make: *** [src/main.o] Error 1
19:22:01 **** Auto Build of configuration Debug for project JPEG_Main_App ****
make pre-build main-build 
a9-linaro-pre-build-step
' '
'Building file: ../src/main.cc'
'Invoking: ARM v7 g++ compiler'
arm-none-eabi-g++ -Wall -O0 -g3 -c -fmessage-length=0 -MT"src/main.o" -mcpu=cortex-a9 -mfpu=vfpv3 -mfloat-abi=hard -I../../standalone_bsp_2/ps7_cortexa9_0/include -MMD -MP -MF"src/main.d" -MT"src/main.o" -o "src/main.o" "../src/main.cc"
../src/main.cc: In function 'int main()':
../src/main.cc:323:37: error: 'column_index' was not declared in this scope
      printf("RLE_Value[%d]: 0x%x\n",column_index + (row_index*128) + i, huffman_data_buffer_input[column_index + (row_index*128) + i]);
                                     ^
../src/main.cc:323:53: error: 'row_index' was not declared in this scope
      printf("RLE_Value[%d]: 0x%x\n",column_index + (row_index*128) + i, huffman_data_buffer_input[column_index + (row_index*128) + i]);
                                                     ^
make: *** [src/main.o] Error 1
19:22:29 **** Auto Build of configuration Debug for project JPEG_Main_App ****
make pre-build main-build 
a9-linaro-pre-build-step
' '
'Building file: ../src/main.cc'
'Invoking: ARM v7 g++ compiler'
arm-none-eabi-g++ -Wall -O0 -g3 -c -fmessage-length=0 -MT"src/main.o" -mcpu=cortex-a9 -mfpu=vfpv3 -mfloat-abi=hard -I../../standalone_bsp_2/ps7_cortexa9_0/include -MMD -MP -MF"src/main.d" -MT"src/main.o" -o "src/main.o" "../src/main.cc"
'Finished building: ../src/main.cc'
' '
'Building target: JPEG_Main_App.elf'
'Invoking: ARM v7 g++ linker'
arm-none-eabi-g++ -mcpu=cortex-a9 -mfpu=vfpv3 -mfloat-abi=hard -Wl,-build-id=none -specs=Xilinx.spec -Wl,-T -Wl,../src/lscript.ld -L../../standalone_bsp_2/ps7_cortexa9_0/lib -o "JPEG_Main_App.elf"  ./src/AxiTimerHelper.o ./src/main.o   -Wl,--start-group,-lxil,-lgcc,-lc,-lstdc++,--end-group -Wl,--start-group,-lxilffs,-lxil,-lgcc,-lc,--end-group
'Finished building target: JPEG_Main_App.elf'
' '
'Invoking: ARM v7 Print Size'
arm-none-eabi-size JPEG_Main_App.elf  |tee "JPEG_Main_App.elf.size"
   text	   data	    bss	    dec	    hex	filename
 168460	 264780	2137300	2570540	 27392c	JPEG_Main_App.elf
'Finished building: JPEG_Main_App.elf.size'
' '
19:25:40 **** Auto Build of configuration Debug for project JPEG_Main_App ****
make pre-build main-build 
a9-linaro-pre-build-step
' '
'Building file: ../src/main.cc'
'Invoking: ARM v7 g++ compiler'
arm-none-eabi-g++ -Wall -O0 -g3 -c -fmessage-length=0 -MT"src/main.o" -mcpu=cortex-a9 -mfpu=vfpv3 -mfloat-abi=hard -I../../standalone_bsp_2/ps7_cortexa9_0/include -MMD -MP -MF"src/main.d" -MT"src/main.o" -o "src/main.o" "../src/main.cc"
../src/main.cc: In function 'int main()':
../src/main.cc:321:34: error: 'column_index' was not declared in this scope
   printf("RLE Length[%d]: %d\n",(column_index + (row_index*64)),rle_max_length_buffer[column_index + (row_index*64)]);
                                  ^
../src/main.cc:321:50: error: 'row_index' was not declared in this scope
   printf("RLE Length[%d]: %d\n",(column_index + (row_index*64)),rle_max_length_buffer[column_index + (row_index*64)]);
                                                  ^
make: *** [src/main.o] Error 1
19:26:01 **** Auto Build of configuration Debug for project JPEG_Main_App ****
make pre-build main-build 
a9-linaro-pre-build-step
' '
'Building file: ../src/main.cc'
'Invoking: ARM v7 g++ compiler'
arm-none-eabi-g++ -Wall -O0 -g3 -c -fmessage-length=0 -MT"src/main.o" -mcpu=cortex-a9 -mfpu=vfpv3 -mfloat-abi=hard -I../../standalone_bsp_2/ps7_cortexa9_0/include -MMD -MP -MF"src/main.d" -MT"src/main.o" -o "src/main.o" "../src/main.cc"
'Finished building: ../src/main.cc'
' '
'Building target: JPEG_Main_App.elf'
'Invoking: ARM v7 g++ linker'
arm-none-eabi-g++ -mcpu=cortex-a9 -mfpu=vfpv3 -mfloat-abi=hard -Wl,-build-id=none -specs=Xilinx.spec -Wl,-T -Wl,../src/lscript.ld -L../../standalone_bsp_2/ps7_cortexa9_0/lib -o "JPEG_Main_App.elf"  ./src/AxiTimerHelper.o ./src/main.o   -Wl,--start-group,-lxil,-lgcc,-lc,-lstdc++,--end-group -Wl,--start-group,-lxilffs,-lxil,-lgcc,-lc,--end-group
'Finished building target: JPEG_Main_App.elf'
' '
'Invoking: ARM v7 Print Size'
arm-none-eabi-size JPEG_Main_App.elf  |tee "JPEG_Main_App.elf.size"
   text	   data	    bss	    dec	    hex	filename
 168540	 264780	2137300	2570620	 27397c	JPEG_Main_App.elf
'Finished building: JPEG_Main_App.elf.size'
' '
19:26:14 **** Auto Build of configuration Debug for project JPEG_Main_App ****
make pre-build main-build 
a9-linaro-pre-build-step
' '
'Building file: ../src/main.cc'
'Invoking: ARM v7 g++ compiler'
arm-none-eabi-g++ -Wall -O0 -g3 -c -fmessage-length=0 -MT"src/main.o" -mcpu=cortex-a9 -mfpu=vfpv3 -mfloat-abi=hard -I../../standalone_bsp_2/ps7_cortexa9_0/include -MMD -MP -MF"src/main.d" -MT"src/main.o" -o "src/main.o" "../src/main.cc"
'Finished building: ../src/main.cc'
' '
'Building target: JPEG_Main_App.elf'
'Invoking: ARM v7 g++ linker'
arm-none-eabi-g++ -mcpu=cortex-a9 -mfpu=vfpv3 -mfloat-abi=hard -Wl,-build-id=none -specs=Xilinx.spec -Wl,-T -Wl,../src/lscript.ld -L../../standalone_bsp_2/ps7_cortexa9_0/lib -o "JPEG_Main_App.elf"  ./src/AxiTimerHelper.o ./src/main.o   -Wl,--start-group,-lxil,-lgcc,-lc,-lstdc++,--end-group -Wl,--start-group,-lxilffs,-lxil,-lgcc,-lc,--end-group
'Finished building target: JPEG_Main_App.elf'
' '
'Invoking: ARM v7 Print Size'
arm-none-eabi-size JPEG_Main_App.elf  |tee "JPEG_Main_App.elf.size"
   text	   data	    bss	    dec	    hex	filename
 168540	 264780	2137300	2570620	 27397c	JPEG_Main_App.elf
'Finished building: JPEG_Main_App.elf.size'
' '
19:26:18 **** Auto Build of configuration Debug for project JPEG_Main_App ****
make pre-build main-build 
a9-linaro-pre-build-step
' '
'Building file: ../src/main.cc'
'Invoking: ARM v7 g++ compiler'
arm-none-eabi-g++ -Wall -O0 -g3 -c -fmessage-length=0 -MT"src/main.o" -mcpu=cortex-a9 -mfpu=vfpv3 -mfloat-abi=hard -I../../standalone_bsp_2/ps7_cortexa9_0/include -MMD -MP -MF"src/main.d" -MT"src/main.o" -o "src/main.o" "../src/main.cc"
'Finished building: ../src/main.cc'
' '
'Building target: JPEG_Main_App.elf'
'Invoking: ARM v7 g++ linker'
arm-none-eabi-g++ -mcpu=cortex-a9 -mfpu=vfpv3 -mfloat-abi=hard -Wl,-build-id=none -specs=Xilinx.spec -Wl,-T -Wl,../src/lscript.ld -L../../standalone_bsp_2/ps7_cortexa9_0/lib -o "JPEG_Main_App.elf"  ./src/AxiTimerHelper.o ./src/main.o   -Wl,--start-group,-lxil,-lgcc,-lc,-lstdc++,--end-group -Wl,--start-group,-lxilffs,-lxil,-lgcc,-lc,--end-group
'Finished building target: JPEG_Main_App.elf'
' '
'Invoking: ARM v7 Print Size'
arm-none-eabi-size JPEG_Main_App.elf  |tee "JPEG_Main_App.elf.size"
   text	   data	    bss	    dec	    hex	filename
 168540	 264780	2137300	2570620	 27397c	JPEG_Main_App.elf
'Finished building: JPEG_Main_App.elf.size'
' '
19:27:11 **** Incremental Build of configuration Debug for project JPEG_Main_App ****
make pre-build main-build 
a9-linaro-pre-build-step
' '
make: Nothing to be done for `main-build'.
19:48:05 **** Auto Build of configuration Debug for project JPEG_Main_App ****
make pre-build main-build 
a9-linaro-pre-build-step
' '
'Building file: ../src/main.cc'
'Invoking: ARM v7 g++ compiler'
arm-none-eabi-g++ -Wall -O0 -g3 -c -fmessage-length=0 -MT"src/main.o" -mcpu=cortex-a9 -mfpu=vfpv3 -mfloat-abi=hard -I../../standalone_bsp_2/ps7_cortexa9_0/include -MMD -MP -MF"src/main.d" -MT"src/main.o" -o "src/main.o" "../src/main.cc"
'Finished building: ../src/main.cc'
' '
'Building target: JPEG_Main_App.elf'
'Invoking: ARM v7 g++ linker'
arm-none-eabi-g++ -mcpu=cortex-a9 -mfpu=vfpv3 -mfloat-abi=hard -Wl,-build-id=none -specs=Xilinx.spec -Wl,-T -Wl,../src/lscript.ld -L../../standalone_bsp_2/ps7_cortexa9_0/lib -o "JPEG_Main_App.elf"  ./src/AxiTimerHelper.o ./src/main.o   -Wl,--start-group,-lxil,-lgcc,-lc,-lstdc++,--end-group -Wl,--start-group,-lxilffs,-lxil,-lgcc,-lc,--end-group
'Finished building target: JPEG_Main_App.elf'
' '
'Invoking: ARM v7 Print Size'
arm-none-eabi-size JPEG_Main_App.elf  |tee "JPEG_Main_App.elf.size"
   text	   data	    bss	    dec	    hex	filename
 168540	 264780	2137300	2570620	 27397c	JPEG_Main_App.elf
'Finished building: JPEG_Main_App.elf.size'
' '
19:48:33 **** Auto Build of configuration Debug for project JPEG_Main_App ****
make pre-build main-build 
a9-linaro-pre-build-step
' '
'Building file: ../src/main.cc'
'Invoking: ARM v7 g++ compiler'
arm-none-eabi-g++ -Wall -O0 -g3 -c -fmessage-length=0 -MT"src/main.o" -mcpu=cortex-a9 -mfpu=vfpv3 -mfloat-abi=hard -I../../standalone_bsp_2/ps7_cortexa9_0/include -MMD -MP -MF"src/main.d" -MT"src/main.o" -o "src/main.o" "../src/main.cc"
'Finished building: ../src/main.cc'
' '
'Building target: JPEG_Main_App.elf'
'Invoking: ARM v7 g++ linker'
arm-none-eabi-g++ -mcpu=cortex-a9 -mfpu=vfpv3 -mfloat-abi=hard -Wl,-build-id=none -specs=Xilinx.spec -Wl,-T -Wl,../src/lscript.ld -L../../standalone_bsp_2/ps7_cortexa9_0/lib -o "JPEG_Main_App.elf"  ./src/AxiTimerHelper.o ./src/main.o   -Wl,--start-group,-lxil,-lgcc,-lc,-lstdc++,--end-group -Wl,--start-group,-lxilffs,-lxil,-lgcc,-lc,--end-group
'Finished building target: JPEG_Main_App.elf'
' '
'Invoking: ARM v7 Print Size'
arm-none-eabi-size JPEG_Main_App.elf  |tee "JPEG_Main_App.elf.size"
   text	   data	    bss	    dec	    hex	filename
 168540	 264780	2137300	2570620	 27397c	JPEG_Main_App.elf
'Finished building: JPEG_Main_App.elf.size'
' '
19:51:59 **** Auto Build of configuration Debug for project JPEG_Main_App ****
make pre-build main-build 
a9-linaro-pre-build-step
' '
'Building file: ../src/main.cc'
'Invoking: ARM v7 g++ compiler'
arm-none-eabi-g++ -Wall -O0 -g3 -c -fmessage-length=0 -MT"src/main.o" -mcpu=cortex-a9 -mfpu=vfpv3 -mfloat-abi=hard -I../../standalone_bsp_2/ps7_cortexa9_0/include -MMD -MP -MF"src/main.d" -MT"src/main.o" -o "src/main.o" "../src/main.cc"
'Finished building: ../src/main.cc'
' '
'Building target: JPEG_Main_App.elf'
'Invoking: ARM v7 g++ linker'
arm-none-eabi-g++ -mcpu=cortex-a9 -mfpu=vfpv3 -mfloat-abi=hard -Wl,-build-id=none -specs=Xilinx.spec -Wl,-T -Wl,../src/lscript.ld -L../../standalone_bsp_2/ps7_cortexa9_0/lib -o "JPEG_Main_App.elf"  ./src/AxiTimerHelper.o ./src/main.o   -Wl,--start-group,-lxil,-lgcc,-lc,-lstdc++,--end-group -Wl,--start-group,-lxilffs,-lxil,-lgcc,-lc,--end-group
'Finished building target: JPEG_Main_App.elf'
' '
'Invoking: ARM v7 Print Size'
arm-none-eabi-size JPEG_Main_App.elf  |tee "JPEG_Main_App.elf.size"
   text	   data	    bss	    dec	    hex	filename
 168540	 264780	2137300	2570620	 27397c	JPEG_Main_App.elf
'Finished building: JPEG_Main_App.elf.size'
' '
19:55:29 **** Incremental Build of configuration Debug for project JPEG_Main_App ****
make pre-build main-build 
a9-linaro-pre-build-step
' '
make: Nothing to be done for `main-build'.
20:04:47 **** Auto Build of configuration Debug for project JPEG_Main_App ****
make pre-build main-build 
a9-linaro-pre-build-step
' '
'Building file: ../src/main.cc'
'Invoking: ARM v7 g++ compiler'
arm-none-eabi-g++ -Wall -O0 -g3 -c -fmessage-length=0 -MT"src/main.o" -mcpu=cortex-a9 -mfpu=vfpv3 -mfloat-abi=hard -I../../standalone_bsp_2/ps7_cortexa9_0/include -MMD -MP -MF"src/main.d" -MT"src/main.o" -o "src/main.o" "../src/main.cc"
'Finished building: ../src/main.cc'
' '
'Building target: JPEG_Main_App.elf'
'Invoking: ARM v7 g++ linker'
arm-none-eabi-g++ -mcpu=cortex-a9 -mfpu=vfpv3 -mfloat-abi=hard -Wl,-build-id=none -specs=Xilinx.spec -Wl,-T -Wl,../src/lscript.ld -L../../standalone_bsp_2/ps7_cortexa9_0/lib -o "JPEG_Main_App.elf"  ./src/AxiTimerHelper.o ./src/main.o   -Wl,--start-group,-lxil,-lgcc,-lc,-lstdc++,--end-group -Wl,--start-group,-lxilffs,-lxil,-lgcc,-lc,--end-group
'Finished building target: JPEG_Main_App.elf'
' '
'Invoking: ARM v7 Print Size'
arm-none-eabi-size JPEG_Main_App.elf  |tee "JPEG_Main_App.elf.size"
   text	   data	    bss	    dec	    hex	filename
 168540	 264780	2137300	2570620	 27397c	JPEG_Main_App.elf
'Finished building: JPEG_Main_App.elf.size'
' '
20:05:23 **** Incremental Build of configuration Debug for project JPEG_Main_App ****
make pre-build main-build 
a9-linaro-pre-build-step
' '
make: Nothing to be done for `main-build'.
20:08:22 **** Auto Build of configuration Debug for project JPEG_Main_App ****
make pre-build main-build 
a9-linaro-pre-build-step
' '
'Building file: ../src/main.cc'
'Invoking: ARM v7 g++ compiler'
arm-none-eabi-g++ -Wall -O0 -g3 -c -fmessage-length=0 -MT"src/main.o" -mcpu=cortex-a9 -mfpu=vfpv3 -mfloat-abi=hard -I../../standalone_bsp_2/ps7_cortexa9_0/include -MMD -MP -MF"src/main.d" -MT"src/main.o" -o "src/main.o" "../src/main.cc"
'Finished building: ../src/main.cc'
' '
'Building target: JPEG_Main_App.elf'
'Invoking: ARM v7 g++ linker'
arm-none-eabi-g++ -mcpu=cortex-a9 -mfpu=vfpv3 -mfloat-abi=hard -Wl,-build-id=none -specs=Xilinx.spec -Wl,-T -Wl,../src/lscript.ld -L../../standalone_bsp_2/ps7_cortexa9_0/lib -o "JPEG_Main_App.elf"  ./src/AxiTimerHelper.o ./src/main.o   -Wl,--start-group,-lxil,-lgcc,-lc,-lstdc++,--end-group -Wl,--start-group,-lxilffs,-lxil,-lgcc,-lc,--end-group
'Finished building target: JPEG_Main_App.elf'
' '
'Invoking: ARM v7 Print Size'
arm-none-eabi-size JPEG_Main_App.elf  |tee "JPEG_Main_App.elf.size"
   text	   data	    bss	    dec	    hex	filename
 168540	 264780	2137300	2570620	 27397c	JPEG_Main_App.elf
'Finished building: JPEG_Main_App.elf.size'
' '
20:10:21 **** Incremental Build of configuration Debug for project JPEG_Main_App ****
make pre-build main-build 
a9-linaro-pre-build-step
' '
make: Nothing to be done for `main-build'.
