21:14:44 **** Build of configuration Debug for project RLE_Test_PS_PL ****
make pre-build main-build 
a9-linaro-pre-build-step
' '
'Building file: ../src/main.cc'
'Invoking: ARM v7 g++ compiler'
arm-none-eabi-g++ -Wall -O0 -g3 -c -fmessage-length=0 -MT"src/main.o" -mcpu=cortex-a9 -mfpu=vfpv3 -mfloat-abi=hard -I../../RLE_Test_PS_PL_bsp/ps7_cortexa9_0/include -MMD -MP -MF"src/main.d" -MT"src/main.o" -o "src/main.o" "../src/main.cc"
'Finished building: ../src/main.cc'
' '
'Building target: RLE_Test_PS_PL.elf'
'Invoking: ARM v7 g++ linker'
arm-none-eabi-g++ -mcpu=cortex-a9 -mfpu=vfpv3 -mfloat-abi=hard -Wl,-build-id=none -specs=Xilinx.spec -Wl,-T -Wl,../src/lscript.ld -L../../RLE_Test_PS_PL_bsp/ps7_cortexa9_0/lib -o "RLE_Test_PS_PL.elf"  ./src/main.o   -Wl,--start-group,-lxil,-lgcc,-lc,-lstdc++,--end-group
'Finished building target: RLE_Test_PS_PL.elf'
' '
'Invoking: ARM v7 Print Size'
arm-none-eabi-size RLE_Test_PS_PL.elf  |tee "RLE_Test_PS_PL.elf.size"
   text	   data	    bss	    dec	    hex	filename
  19064	   1148	  22576	  42788	   a724	RLE_Test_PS_PL.elf
'Finished building: RLE_Test_PS_PL.elf.size'
' '

21:14:46 Build Finished (took 1s.859ms)

