

================================================================
== Vivado HLS Report for 'Matrix_Multiply'
================================================================
* Date:           Sun Oct 15 15:53:45 2017

* Version:        2016.3 (Build 1682563 on Mon Oct 10 19:41:59 MDT 2016)
* Project:        Proton
* Solution:       solution1
* Product family: zynq
* Target device:  xc7z020clg484-1


================================================================
== Performance Estimates
================================================================
+ Timing (ns): 
    * Summary: 
    +--------+-------+----------+------------+
    |  Clock | Target| Estimated| Uncertainty|
    +--------+-------+----------+------------+
    |ap_clk  |  10.00|      6.75|        1.25|
    +--------+-------+----------+------------+

+ Latency (clock cycles): 
    * Summary: 
    +-----+-----+-----+-----+---------+
    |  Latency  |  Interval | Pipeline|
    | min | max | min | max |   Type  |
    +-----+-----+-----+-----+---------+
    |  121|  121|  122|  122|   none  |
    +-----+-----+-----+-----+---------+

    + Detail: 
        * Instance: 
        N/A

        * Loop: 
        +-----------------+-----+-----+----------+-----------+-----------+------+----------+
        |                 |  Latency  | Iteration|  Initiation Interval  | Trip |          |
        |    Loop Name    | min | max |  Latency |  achieved |   target  | Count| Pipelined|
        +-----------------+-----+-----+----------+-----------+-----------+------+----------+
        |- Loop 1         |    8|    8|         4|          -|          -|     2|    no    |
        | + Loop 1.1      |    2|    2|         1|          -|          -|     2|    no    |
        |- Loop 2         |   12|   12|         6|          -|          -|     2|    no    |
        | + Loop 2.1      |    4|    4|         2|          -|          -|     2|    no    |
        |- Loop 3         |   12|   12|         6|          -|          -|     2|    no    |
        | + Loop 3.1      |    4|    4|         2|          -|          -|     2|    no    |
        |- Loop 4         |   76|   76|        38|          -|          -|     2|    no    |
        | + Loop 4.1      |   36|   36|        18|          -|          -|     2|    no    |
        |  ++ Loop 4.1.1  |   16|   16|         8|          -|          -|     2|    no    |
        |- Loop 5         |    8|    8|         4|          -|          -|     2|    no    |
        | + Loop 5.1      |    2|    2|         1|          -|          -|     2|    no    |
        +-----------------+-----+-----+----------+-----------+-----------+------+----------+



================================================================
== Utilization Estimates
================================================================
* Summary: 
+-----------------+---------+-------+--------+-------+
|       Name      | BRAM_18K| DSP48E|   FF   |  LUT  |
+-----------------+---------+-------+--------+-------+
|DSP              |        -|      -|       -|      -|
|Expression       |        -|      -|       0|   1507|
|FIFO             |        -|      -|       -|      -|
|Instance         |        0|      4|      36|     40|
|Memory           |        -|      -|       -|      -|
|Multiplexer      |        -|      -|       -|    227|
|Register         |        -|      -|     909|      -|
+-----------------+---------+-------+--------+-------+
|Total            |        0|      4|     945|   1774|
+-----------------+---------+-------+--------+-------+
|Available        |      280|    220|  106400|  53200|
+-----------------+---------+-------+--------+-------+
|Utilization (%)  |        0|      1|   ~0   |      3|
+-----------------+---------+-------+--------+-------+

+ Detail: 
    * Instance: 
    +----------------------------------+--------------------------------+---------+-------+----+----+
    |             Instance             |             Module             | BRAM_18K| DSP48E| FF | LUT|
    +----------------------------------+--------------------------------+---------+-------+----+----+
    |Matrix_Multiply_CRTL_BUS_s_axi_U  |Matrix_Multiply_CRTL_BUS_s_axi  |        0|      0|  36|  40|
    |Matrix_Multiply_mbkb_U0           |Matrix_Multiply_mbkb            |        0|      4|   0|   0|
    +----------------------------------+--------------------------------+---------+-------+----+----+
    |Total                             |                                |        0|      4|  36|  40|
    +----------------------------------+--------------------------------+---------+-------+----+----+

    * DSP48: 
    N/A

    * Memory: 
    N/A

    * FIFO: 
    N/A

    * Expression: 
    +----------------------------+----------+-------+---+----+------------+------------+
    |        Variable Name       | Operation| DSP48E| FF| LUT| Bitwidth P0| Bitwidth P1|
    +----------------------------+----------+-------+---+----+------------+------------+
    |C1_1_0_fu_885_p2            |     +    |      0|  0|  32|          32|          32|
    |i_1_fu_507_p2               |     +    |      0|  0|   2|           2|           1|
    |i_2_fu_632_p2               |     +    |      0|  0|   2|           2|           1|
    |i_3_fu_773_p2               |     +    |      0|  0|   2|           2|           1|
    |i_4_fu_972_p2               |     +    |      0|  0|   2|           2|           1|
    |i_fu_395_p2                 |     +    |      0|  0|   2|           2|           1|
    |indvars_iv_next_fu_1039_p2  |     +    |      0|  0|   3|           3|           2|
    |j_1_fu_529_p2               |     +    |      0|  0|   2|           2|           1|
    |j_2_fu_670_p2               |     +    |      0|  0|   2|           2|           1|
    |j_3_fu_999_p2               |     +    |      0|  0|   2|           2|           1|
    |j_4_fu_789_p2               |     +    |      0|  0|   2|           2|           1|
    |j_fu_411_p2                 |     +    |      0|  0|   2|           2|           1|
    |k_6_fu_638_p2               |     +    |      0|  0|   4|           2|           4|
    |k_7_fu_685_p2               |     +    |      0|  0|   4|           1|           4|
    |k_8_fu_978_p2               |     +    |      0|  0|   3|           2|           3|
    |k_9_fu_821_p2               |     +    |      0|  0|   2|           2|           1|
    |tmp_5_fu_544_p2             |     +    |      0|  0|   3|           1|           3|
    |tmp_fu_513_p2               |     +    |      0|  0|   3|           2|           3|
    |tmp_s_fu_1033_p2            |     +    |      0|  0|   3|           1|           3|
    |exitcond10_fu_389_p2        |   icmp   |      0|  0|   2|           2|           3|
    |exitcond1_fu_966_p2         |   icmp   |      0|  0|   2|           2|           3|
    |exitcond2_fu_815_p2         |   icmp   |      0|  0|   2|           2|           3|
    |exitcond3_fu_783_p2         |   icmp   |      0|  0|   2|           2|           3|
    |exitcond4_fu_767_p2         |   icmp   |      0|  0|   2|           2|           3|
    |exitcond5_fu_664_p2         |   icmp   |      0|  0|   2|           2|           3|
    |exitcond6_fu_626_p2         |   icmp   |      0|  0|   2|           2|           3|
    |exitcond7_fu_523_p2         |   icmp   |      0|  0|   2|           2|           3|
    |exitcond8_fu_501_p2         |   icmp   |      0|  0|   2|           2|           3|
    |exitcond9_fu_405_p2         |   icmp   |      0|  0|   2|           2|           3|
    |exitcond_fu_993_p2          |   icmp   |      0|  0|   2|           3|           3|
    |A1_1_1_1_fu_550_p3          |  select  |      0|  0|  32|           1|          32|
    |A1_1_1_2_fu_557_p3          |  select  |      0|  0|  32|           1|          32|
    |A1_1_1_3_fu_571_p3          |  select  |      0|  0|  32|           1|          32|
    |A1_1_1_5_fu_578_p3          |  select  |      0|  0|  32|           1|          32|
    |A1_1_1_6_fu_585_p3          |  select  |      0|  0|  32|           1|          32|
    |A1_1_1_7_fu_592_p3          |  select  |      0|  0|  32|           1|          32|
    |A1_1_1_8_fu_599_p3          |  select  |      0|  0|  32|           1|          32|
    |A1_1_1_fu_564_p3            |  select  |      0|  0|  32|           1|          32|
    |A1_load8_phi_fu_839_p3      |  select  |      0|  0|  32|           1|          32|
    |A1_load9_phi_fu_831_p3      |  select  |      0|  0|  32|           1|          32|
    |A1_load_phi_fu_847_p3       |  select  |      0|  0|  32|           1|          32|
    |B1_1_1_1_fu_691_p3          |  select  |      0|  0|  32|           1|          32|
    |B1_1_1_2_fu_698_p3          |  select  |      0|  0|  32|           1|          32|
    |B1_1_1_3_fu_712_p3          |  select  |      0|  0|  32|           1|          32|
    |B1_1_1_5_fu_719_p3          |  select  |      0|  0|  32|           1|          32|
    |B1_1_1_6_fu_726_p3          |  select  |      0|  0|  32|           1|          32|
    |B1_1_1_7_fu_733_p3          |  select  |      0|  0|  32|           1|          32|
    |B1_1_1_8_fu_740_p3          |  select  |      0|  0|  32|           1|          32|
    |B1_1_1_fu_705_p3            |  select  |      0|  0|  32|           1|          32|
    |B1_load14_phi_fu_807_p3     |  select  |      0|  0|  32|           1|          32|
    |B1_load15_phi_fu_799_p3     |  select  |      0|  0|  32|           1|          32|
    |B1_load_phi_fu_854_p3       |  select  |      0|  0|  32|           1|          32|
    |C1_0_0_2_fu_474_p3          |  select  |      0|  0|  32|           1|          32|
    |C1_0_0_8_fu_445_p3          |  select  |      0|  0|  32|           1|          32|
    |C1_0_1_2_fu_467_p3          |  select  |      0|  0|  32|           1|          32|
    |C1_0_1_8_fu_437_p3          |  select  |      0|  0|  32|           1|           1|
    |C1_1_0_2_fu_460_p3          |  select  |      0|  0|  32|           1|          32|
    |C1_1_0_8_fu_429_p3          |  select  |      0|  0|  32|           1|          32|
    |C1_1_1_12_fu_904_p3         |  select  |      0|  0|  32|           1|          32|
    |C1_1_1_1_fu_890_p3          |  select  |      0|  0|  32|           1|          32|
    |C1_1_1_2_11_fu_897_p3       |  select  |      0|  0|  32|           1|          32|
    |C1_1_1_2_fu_453_p3          |  select  |      0|  0|  32|           1|          32|
    |C1_1_1_3_fu_911_p3          |  select  |      0|  0|  32|           1|          32|
    |C1_1_1_5_fu_918_p3          |  select  |      0|  0|  32|           1|          32|
    |C1_1_1_6_fu_925_p3          |  select  |      0|  0|  32|           1|          32|
    |C1_1_1_7_fu_932_p3          |  select  |      0|  0|  32|           1|          32|
    |C1_1_1_8_13_fu_939_p3       |  select  |      0|  0|  32|           1|          32|
    |C1_1_1_8_fu_421_p3          |  select  |      0|  0|  32|           1|           1|
    |C1_load20_phi_fu_1017_p3    |  select  |      0|  0|  32|           1|          32|
    |C1_load21_phi_fu_1009_p3    |  select  |      0|  0|  32|           1|          32|
    |C1_load_125_phi_fu_871_p3   |  select  |      0|  0|  32|           1|          32|
    |C1_load_126_phi_fu_864_p3   |  select  |      0|  0|  32|           1|          32|
    |C1_load_1_phi_fu_878_p3     |  select  |      0|  0|  32|           1|          32|
    |C_Din_A                     |  select  |      0|  0|  32|           1|          32|
    +----------------------------+----------+-------+---+----+------------+------------+
    |Total                       |          |      0|  0|1507|         133|        1444|
    +----------------------------+----------+-------+---+----+------------+------------+

    * Multiplexer: 
    +--------------------+----+-----------+-----+-----------+
    |        Name        | LUT| Input Size| Bits| Total Bits|
    +--------------------+----+-----------+-----+-----------+
    |A_Addr_A_orig       |  32|          3|   32|         96|
    |C1_1_1_10_fu_102    |  32|          2|   32|         64|
    |C1_1_1_11_fu_106    |  32|          2|   32|         64|
    |C1_1_1_4_fu_94      |  32|          2|   32|         64|
    |C1_1_1_9_fu_98      |  32|          2|   32|         64|
    |C_WEN_A             |   4|          2|    4|          8|
    |ap_NS_fsm           |  18|         22|    1|         22|
    |i1_reg_142          |   2|          2|    2|          4|
    |i3_reg_164          |   2|          2|    2|          4|
    |i4_reg_309          |   2|          2|    2|          4|
    |i5_reg_208          |   2|          2|    2|          4|
    |i7_reg_252          |   2|          2|    2|          4|
    |indvars_iv_reg_285  |   3|          2|    3|          6|
    |j2_reg_153          |   2|          2|    2|          4|
    |j3_reg_330          |   2|          2|    2|          4|
    |j4_reg_187          |   2|          2|    2|          4|
    |j6_reg_231          |   2|          2|    2|          4|
    |j8_reg_263          |   2|          2|    2|          4|
    |k9_reg_274          |   2|          2|    2|          4|
    |k_1_reg_198         |   3|          2|    3|          6|
    |k_2_reg_219         |   4|          2|    4|          8|
    |k_3_reg_242         |   4|          2|    4|          8|
    |k_4_reg_297         |   3|          2|    3|          6|
    |k_5_reg_320         |   3|          2|    3|          6|
    |k_reg_175           |   3|          2|    3|          6|
    +--------------------+----+-----------+-----+-----------+
    |Total               | 227|         71|  210|        472|
    +--------------------+----+-----------+-----+-----------+

    * Register: 
    +------------------------+----+----+-----+-----------+
    |          Name          | FF | LUT| Bits| Const Bits|
    +------------------------+----+----+-----+-----------+
    |A1_1_1_10_fu_70         |  32|   0|   32|          0|
    |A1_1_1_11_fu_74         |  32|   0|   32|          0|
    |A1_1_1_4_fu_62          |  32|   0|   32|          0|
    |A1_1_1_9_fu_66          |  32|   0|   32|          0|
    |A1_load_phi_reg_1337    |  32|   0|   32|          0|
    |B1_1_1_10_fu_86         |  32|   0|   32|          0|
    |B1_1_1_11_fu_90         |  32|   0|   32|          0|
    |B1_1_1_4_fu_78          |  32|   0|   32|          0|
    |B1_1_1_9_fu_82          |  32|   0|   32|          0|
    |B1_load14_phi_reg_1324  |  32|   0|   32|          0|
    |B1_load15_phi_reg_1319  |  32|   0|   32|          0|
    |B1_load_phi_reg_1342    |  32|   0|   32|          0|
    |C1_0_1_fu_50            |  32|   0|   32|          0|
    |C1_0_1_load_reg_1074    |  32|   0|   32|          0|
    |C1_1_1_10_fu_102        |  32|   0|   32|          0|
    |C1_1_1_11_fu_106        |  32|   0|   32|          0|
    |C1_1_1_4_fu_94          |  32|   0|   32|          0|
    |C1_1_1_9_fu_98          |  32|   0|   32|          0|
    |C1_1_1_fu_58            |  32|   0|   32|          0|
    |C1_1_1_load_reg_1084    |  32|   0|   32|          0|
    |C1_1_fu_54              |  32|   0|   32|          0|
    |C1_1_load_reg_1079      |  32|   0|   32|          0|
    |C1_fu_46                |  32|   0|   32|          0|
    |C1_load_reg_1069        |  32|   0|   32|          0|
    |ap_CS_fsm               |  21|   0|   21|          0|
    |i1_reg_142              |   2|   0|    2|          0|
    |i3_reg_164              |   2|   0|    2|          0|
    |i4_reg_309              |   2|   0|    2|          0|
    |i5_reg_208              |   2|   0|    2|          0|
    |i7_reg_252              |   2|   0|    2|          0|
    |i_1_reg_1140            |   2|   0|    2|          0|
    |i_2_reg_1211            |   2|   0|    2|          0|
    |i_3_reg_1286            |   2|   0|    2|          0|
    |i_4_reg_1355            |   2|   0|    2|          0|
    |i_reg_1092              |   2|   0|    2|          0|
    |indvars_iv_reg_285      |   3|   0|    3|          0|
    |j2_reg_153              |   2|   0|    2|          0|
    |j3_reg_330              |   2|   0|    2|          0|
    |j4_reg_187              |   2|   0|    2|          0|
    |j6_reg_231              |   2|   0|    2|          0|
    |j8_reg_263              |   2|   0|    2|          0|
    |j_1_reg_1185            |   2|   0|    2|          0|
    |j_2_reg_1260            |   2|   0|    2|          0|
    |j_4_reg_1304            |   2|   0|    2|          0|
    |k9_reg_274              |   2|   0|    2|          0|
    |k_1_reg_198             |   3|   0|    3|          0|
    |k_2_reg_219             |   4|   0|    4|          0|
    |k_3_reg_242             |   4|   0|    4|          0|
    |k_4_reg_297             |   3|   0|    3|          0|
    |k_5_reg_320             |   3|   0|    3|          0|
    |k_6_reg_1216            |   4|   0|    4|          0|
    |k_7_reg_1278            |   4|   0|    4|          0|
    |k_8_reg_1360            |   3|   0|    3|          0|
    |k_9_reg_1332            |   2|   0|    2|          0|
    |k_reg_175               |   3|   0|    3|          0|
    |tmp_10_reg_1365         |   1|   0|    1|          0|
    |tmp_11_reg_1309         |   1|   0|    1|          0|
    |tmp_1_reg_1347          |  32|   0|   32|          0|
    |tmp_2_reg_1097          |   1|   0|    1|          0|
    |tmp_3_reg_1150          |   1|   0|    1|          0|
    |tmp_5_reg_1203          |   3|   0|    3|          0|
    |tmp_6_reg_1221          |   1|   0|    1|          0|
    |tmp_7_reg_1195          |   1|   0|    1|          0|
    |tmp_8_reg_1291          |   1|   0|    1|          0|
    |tmp_9_reg_1270          |   1|   0|    1|          0|
    |tmp_reg_1145            |   3|   0|    3|          0|
    +------------------------+----+----+-----+-----------+
    |Total                   | 909|   0|  909|          0|
    +------------------------+----+----+-----+-----------+



================================================================
== Interface
================================================================
* Summary: 
+------------------------+-----+-----+------------+-----------------+--------------+
|        RTL Ports       | Dir | Bits|  Protocol  |  Source Object  |    C Type    |
+------------------------+-----+-----+------------+-----------------+--------------+
|s_axi_CRTL_BUS_AWVALID  |  in |    1|    s_axi   |     CRTL_BUS    |  return void |
|s_axi_CRTL_BUS_AWREADY  | out |    1|    s_axi   |     CRTL_BUS    |  return void |
|s_axi_CRTL_BUS_AWADDR   |  in |    4|    s_axi   |     CRTL_BUS    |  return void |
|s_axi_CRTL_BUS_WVALID   |  in |    1|    s_axi   |     CRTL_BUS    |  return void |
|s_axi_CRTL_BUS_WREADY   | out |    1|    s_axi   |     CRTL_BUS    |  return void |
|s_axi_CRTL_BUS_WDATA    |  in |   32|    s_axi   |     CRTL_BUS    |  return void |
|s_axi_CRTL_BUS_WSTRB    |  in |    4|    s_axi   |     CRTL_BUS    |  return void |
|s_axi_CRTL_BUS_ARVALID  |  in |    1|    s_axi   |     CRTL_BUS    |  return void |
|s_axi_CRTL_BUS_ARREADY  | out |    1|    s_axi   |     CRTL_BUS    |  return void |
|s_axi_CRTL_BUS_ARADDR   |  in |    4|    s_axi   |     CRTL_BUS    |  return void |
|s_axi_CRTL_BUS_RVALID   | out |    1|    s_axi   |     CRTL_BUS    |  return void |
|s_axi_CRTL_BUS_RREADY   |  in |    1|    s_axi   |     CRTL_BUS    |  return void |
|s_axi_CRTL_BUS_RDATA    | out |   32|    s_axi   |     CRTL_BUS    |  return void |
|s_axi_CRTL_BUS_RRESP    | out |    2|    s_axi   |     CRTL_BUS    |  return void |
|s_axi_CRTL_BUS_BVALID   | out |    1|    s_axi   |     CRTL_BUS    |  return void |
|s_axi_CRTL_BUS_BREADY   |  in |    1|    s_axi   |     CRTL_BUS    |  return void |
|s_axi_CRTL_BUS_BRESP    | out |    2|    s_axi   |     CRTL_BUS    |  return void |
|ap_clk                  |  in |    1| ap_ctrl_hs | Matrix_Multiply | return value |
|ap_rst_n                |  in |    1| ap_ctrl_hs | Matrix_Multiply | return value |
|interrupt               | out |    1| ap_ctrl_hs | Matrix_Multiply | return value |
|A_Addr_A                | out |   32|    bram    |        A        |     array    |
|A_EN_A                  | out |    1|    bram    |        A        |     array    |
|A_WEN_A                 | out |    4|    bram    |        A        |     array    |
|A_Din_A                 | out |   32|    bram    |        A        |     array    |
|A_Dout_A                |  in |   32|    bram    |        A        |     array    |
|A_Clk_A                 | out |    1|    bram    |        A        |     array    |
|A_Rst_A                 | out |    1|    bram    |        A        |     array    |
|C_Addr_A                | out |   32|    bram    |        C        |     array    |
|C_EN_A                  | out |    1|    bram    |        C        |     array    |
|C_WEN_A                 | out |    4|    bram    |        C        |     array    |
|C_Din_A                 | out |   32|    bram    |        C        |     array    |
|C_Dout_A                |  in |   32|    bram    |        C        |     array    |
|C_Clk_A                 | out |    1|    bram    |        C        |     array    |
|C_Rst_A                 | out |    1|    bram    |        C        |     array    |
+------------------------+-----+-----+------------+-----------------+--------------+

